---
source: src/gradle/deps.rs
expression: output
---
------------------------------------------------------------
Project ':backend:app-payments'
------------------------------------------------------------
runtimeClasspath - Runtime classpath of null/main.
+--- org.jetbrains.kotlin:kotlin-stdlib:2.0.10
|    +--- org.jetbrains:annotations:13.0 -> 20.1.0
|    +--- org.jetbrains.kotlin:kotlin-stdlib-jdk8:1.8.0 -> 2.0.10 (c)
|    +--- org.jetbrains.kotlin:kotlin-stdlib-jdk7:1.8.0 -> 2.0.10 (c)
|    \--- org.jetbrains.kotlin:kotlin-stdlib-common:2.0.10 (c)
+--- com.google.guava:guava:31.1-jre
|    +--- com.google.guava:failureaccess:1.0.1
|    +--- com.google.guava:listenablefuture:9999.0-empty-to-avoid-conflict-with-guava
|    +--- com.google.code.findbugs:jsr305:3.0.2
|    +--- org.checkerframework:checker-qual:3.12.0
|    \--- com.google.errorprone:error_prone_annotations:2.11.0
+--- org.apache.commons:commons-lang3:3.12.0
+--- com.example.payments:payments-api:1.0.0
|    +--- com.google.protobuf:protobuf-java:3.21.12
    ... 1 transitive dependencies truncated
|    +--- io.grpc:grpc-protobuf:1.54.0
    ... 10 transitive dependencies truncated
|    \--- io.grpc:grpc-stub:1.54.0
    ... 1 transitive dependencies truncated
+--- org.jetbrains.kotlin:kotlin-stdlib:1.9.22
|    +--- org.jetbrains.kotlin:kotlin-stdlib-common:1.9.22
|    \--- org.jetbrains:annotations:13.0
\--- ch.qos.logback:logback-classic:1.4.14
     +--- ch.qos.logback:logback-core:1.4.14
     \--- org.slf4j:slf4j-api:2.0.7
(*) - Dependency has been listed previously

BUILD SUCCESSFUL in 12s
1 actionable task: 1 executed
